<html>
<body>
<pre>
<h1>µVision Build Log</h1>
<h2>Tool Versions:</h2>
IDE-Version: µVision V5.29.0.0
Copyright (C) 2019 ARM Ltd and ARM Germany GmbH. All rights reserved.
License Information: youmna sabik, AUC, LIC=----
 
Tool Versions:
Toolchain:       MDK-Lite  Version: 5.29.0.0
Toolchain Path:  C:\Keil_v5\ARM\ARMCC\Bin
C Compiler:      Armcc.exe V5.06 update 6 (build 750)
Assembler:       Armasm.exe V5.06 update 6 (build 750)
Linker/Locator:  ArmLink.exe V5.06 update 6 (build 750)
Library Manager: ArmAr.exe V5.06 update 6 (build 750)
Hex Converter:   FromElf.exe V5.06 update 6 (build 750)
CPU DLL:         SARMCM3.DLL V5.29.0.0
Dialog DLL:      DCM.DLL V1.17.3.0
Target DLL:      STLink\ST-LINKIII-KEIL_SWO.dll V3.0.7.0
Dialog DLL:      TCM.DLL V1.36.5.0
 
<h2>Project:</h2>
C:\Users\user\Desktop\Spring2020\ES lab\Milestone1\MDK-ARM\Milestone1.uvprojx
Project File Date:  05/11/2020

<h2>Output:</h2>
*** Using Compiler 'V5.06 update 6 (build 750)', folder: 'C:\Keil_v5\ARM\ARMCC\Bin'
Build target 'Milestone1'
compiling main.c...
../Src/main.c(73): warning:  #186-D: pointless comparison of unsigned integer with zero
  if (n>=0 && n<=9) n = n + '0';
../Src/main.c(194): warning:  #167-D: argument of type "char *" is incompatible with parameter of type "uint8_t *"
  HAL_UART_Receive(&huart1,&Request, sizeof(Request),50); //receiving the request 
../Src/main.c(204): warning:  #188-D: enumerated type mixed with another type
  			HAL_GPIO_WritePin(GPIOC, GPIO_PIN_13,0); //on
../Src/main.c(210): warning:  #188-D: enumerated type mixed with another type
  			HAL_GPIO_WritePin(GPIOC, GPIO_PIN_13,1); //off
../Src/main.c(104): warning:  #177-D: variable "READY"  was declared but never referenced
  	int READY = 1; //
../Src/main.c: 5 warnings, 0 errors
linking...
Program Size: Code=7628 RO-data=292 RW-data=16 ZI-data=1240  
FromELF: creating hex file...
"Milestone1\Milestone1.axf" - 0 Error(s), 5 Warning(s).

<h2>Software Packages used:</h2>

Package Vendor: ARM
                http://www.keil.com/pack/ARM.CMSIS.5.6.0.pack
                ARM.CMSIS.5.6.0
                CMSIS (Cortex Microcontroller Software Interface Standard)
   * Component: CORE Version: 5.3.0

Package Vendor: Keil
                http://www.keil.com/pack/Keil.STM32F1xx_DFP.2.3.0.pack
                Keil.STM32F1xx_DFP.2.3.0
                STMicroelectronics STM32F1 Series Device Support, Drivers and Examples

<h2>Collection of Component include folders:</h2>
  .\RTE\_Milestone1
  C:\Users\user\AppData\Local\Arm\Packs\ARM\CMSIS\5.6.0\CMSIS\Core\Include
  C:\Users\user\AppData\Local\Arm\Packs\Keil\STM32F1xx_DFP\2.3.0\Device\Include

<h2>Collection of Component Files used:</h2>

   * Component: ARM::CMSIS:CORE:5.3.0
Build Time Elapsed:  00:00:09
</pre>
</body>
</html>
